// Jest Snapshot v1, https://goo.gl/fbAQLP

exports[`<File /> should match snapshot 1`] = `[Function]`;
