// Jest Snapshot v1, https://goo.gl/fbAQLP

exports[`<FileList /> should match snapshot 1`] = `[Function]`;

exports[`<FileList /> should render FileList component 1`] = `[Function]`;
