// Jest Snapshot v1, https://goo.gl/fbAQLP

exports[`<App /> should render App component 1`] = `[Function]`;
